Лог создания папок и файлов (Дата: Mon May 12 17:41:00 MSK 2025)
----------------------------------------------------------------------------------------------------------------
Количество созданных папок = 30
Папка: /home/folder/dedCBfBA_120525/GHRFHB_120525 , Дата создания: Mon May 12 17:41:00 MSK 2025, Размер: 4.0K
Файл: /home/folder/dedCBfBA_120525/GHRFHB_120525/RBGGBRFH.zzz, Дата создания: 2025-05-12 17:41:00.531439840 +0300, Размер: 1048576 Mb
Файл: /home/folder/dedCBfBA_120525/GHRFHB_120525/HFHFRFBG.zzz, Дата создания: 2025-05-12 17:41:00.561439827 +0300, Размер: 1048576 Mb
Файл: /home/folder/dedCBfBA_120525/GHRFHB_120525/RRFBBGH.zzz, Дата создания: 2025-05-12 17:41:00.571439821 +0300, Размер: 1048576 Mb
Файл: /home/folder/dedCBfBA_120525/GHRFHB_120525/RFGBFH.zzz, Дата создания: 2025-05-12 17:41:00.591439818 +0300, Размер: 1048576 Mb
Файл: /home/folder/dedCBfBA_120525/GHRFHB_120525/RRHRHBFG.zzz, Дата создания: 2025-05-12 17:41:00.611439809 +0300, Размер: 1048576 Mb
Файл: /home/folder/dedCBfBA_120525/GHRFHB_120525/GHHGGBFR.zzz, Дата создания: 2025-05-12 17:41:00.631439799 +0300, Размер: 1048576 Mb
Файл: /home/folder/dedCBfBA_120525/GHRFHB_120525/HRHGBF.zzz, Дата создания: 2025-05-12 17:41:00.651439795 +0300, Размер: 1048576 Mb
Файл: /home/folder/dedCBfBA_120525/GHRFHB_120525/RGHFFB.zzz, Дата создания: 2025-05-12 17:41:00.671439786 +0300, Размер: 1048576 Mb
Файл: /home/folder/dedCBfBA_120525/GHRFHB_120525/BGGBHRBF.zzz, Дата создания: 2025-05-12 17:41:00.691439777 +0300, Размер: 1048576 Mb
Файл: /home/folder/dedCBfBA_120525/GHRFHB_120525/BGBBHFR.zzz, Дата создания: 2025-05-12 17:41:00.711439773 +0300, Размер: 1048576 Mb
Файл: /home/folder/dedCBfBA_120525/GHRFHB_120525/HBRHGF.zzz, Дата создания: 2025-05-12 17:41:00.721439769 +0300, Размер: 1048576 Mb
Файл: /home/folder/dedCBfBA_120525/GHRFHB_120525/FFHHGHBR.zzz, Дата создания: 2025-05-12 17:41:00.741439760 +0300, Размер: 1048576 Mb
Файл: /home/folder/dedCBfBA_120525/GHRFHB_120525/RFHGRB.zzz, Дата создания: 2025-05-12 17:41:00.761439755 +0300, Размер: 1048576 Mb
----------------------------------------------------------------------------------------------------------------
Папка: /home/folder/dedCBfBA_120525/GRGFFFBH_120525 , Дата создания: Mon May 12 17:41:00 MSK 2025, Размер: 4.0K
Файл: /home/folder/dedCBfBA_120525/GRGFFFBH_120525/RFGHHRB.zzz, Дата создания: 2025-05-12 17:41:00.801439737 +0300, Размер: 1048576 Mb
Файл: /home/folder/dedCBfBA_120525/GRGFFFBH_120525/HRBGGRF.zzz, Дата создания: 2025-05-12 17:41:00.821439733 +0300, Размер: 1048576 Mb
Файл: /home/folder/dedCBfBA_120525/GRGFFFBH_120525/RRRBFFGH.zzz, Дата создания: 2025-05-12 17:41:00.841439724 +0300, Размер: 1048576 Mb
Файл: /home/folder/dedCBfBA_120525/GRGFFFBH_120525/GFRBHHF.zzz, Дата создания: 2025-05-12 17:41:00.861439715 +0300, Размер: 1048576 Mb
----------------------------------------------------------------------------------------------------------------
Папка: /home/folder/dedCBfBA_120525/GRGFFFBH_120525/FHHRRBG_120525 , Дата создания: Mon May 12 17:41:00 MSK 2025, Размер: 4.0K
Файл: /home/folder/dedCBfBA_120525/GRGFFFBH_120525/FHHRRBG_120525/RRHFFRFBG.zzz, Дата создания: 2025-05-12 17:41:00.901439702 +0300, Размер: 1048576 Mb
Файл: /home/folder/dedCBfBA_120525/GRGFFFBH_120525/FHHRRBG_120525/FGRBRFH.zzz, Дата создания: 2025-05-12 17:41:00.921439693 +0300, Размер: 1048576 Mb
----------------------------------------------------------------------------------------------------------------
Папка: /home/folder/feeBeACd_120525/BRHFRHRG_120525 , Дата создания: Mon May 12 17:41:00 MSK 2025, Размер: 4.0K
Файл: /home/folder/feeBeACd_120525/BRHFRHRG_120525/HGFBRFF.zzz, Дата создания: 2025-05-12 17:41:00.961439679 +0300, Размер: 1048576 Mb
Файл: /home/folder/feeBeACd_120525/BRHFRHRG_120525/GBGGGBFRH.zzz, Дата создания: 2025-05-12 17:41:00.981439670 +0300, Размер: 1048576 Mb
----------------------------------------------------------------------------------------------------------------
Папка: /home/folder/ACffCAABde_120525/FGFGHBR_120525 , Дата создания: Mon May 12 17:41:01 MSK 2025, Размер: 4.0K
Файл: /home/folder/ACffCAABde_120525/FGFGHBR_120525/GFFGHRB.zzz, Дата создания: 2025-05-12 17:41:01.021439657 +0300, Размер: 1048576 Mb
Файл: /home/folder/ACffCAABde_120525/FGFGHBR_120525/RGHBBHGF.zzz, Дата создания: 2025-05-12 17:41:01.041439648 +0300, Размер: 1048576 Mb
Файл: /home/folder/ACffCAABde_120525/FGFGHBR_120525/FFGBBRFH.zzz, Дата создания: 2025-05-12 17:41:01.061439644 +0300, Размер: 1048576 Mb
Файл: /home/folder/ACffCAABde_120525/FGFGHBR_120525/HFRRGHB.zzz, Дата создания: 2025-05-12 17:41:01.081439635 +0300, Размер: 1048576 Mb
Файл: /home/folder/ACffCAABde_120525/FGFGHBR_120525/FFRBRRGH.zzz, Дата создания: 2025-05-12 17:41:01.101439626 +0300, Размер: 1048576 Mb
Файл: /home/folder/ACffCAABde_120525/FGFGHBR_120525/RHHGBF.zzz, Дата создания: 2025-05-12 17:41:01.121439616 +0300, Размер: 1048576 Mb
----------------------------------------------------------------------------------------------------------------
Папка: /home/folder/AfddABeC_120525/HHRRGBF_120525 , Дата создания: Mon May 12 17:41:01 MSK 2025, Размер: 4.0K
Файл: /home/folder/AfddABeC_120525/HHRRGBF_120525/GFRBHFH.zzz, Дата создания: 2025-05-12 17:41:01.161439604 +0300, Размер: 1048576 Mb
Файл: /home/folder/AfddABeC_120525/HHRRGBF_120525/HGBGHGHFR.zzz, Дата создания: 2025-05-12 17:41:01.181439594 +0300, Размер: 1048576 Mb
Файл: /home/folder/AfddABeC_120525/HHRRGBF_120525/HBBGBFR.zzz, Дата создания: 2025-05-12 17:41:01.201439590 +0300, Размер: 1048576 Mb
Файл: /home/folder/AfddABeC_120525/HHRRGBF_120525/RBRHHHFG.zzz, Дата создания: 2025-05-12 17:41:01.221439581 +0300, Размер: 1048576 Mb
Файл: /home/folder/AfddABeC_120525/HHRRGBF_120525/BFFHGHR.zzz, Дата создания: 2025-05-12 17:41:01.241439571 +0300, Размер: 1048576 Mb
Файл: /home/folder/AfddABeC_120525/HHRRGBF_120525/HGHBRF.zzz, Дата создания: 2025-05-12 17:41:01.251439572 +0300, Размер: 1048576 Mb
Файл: /home/folder/AfddABeC_120525/HHRRGBF_120525/HBHRFFRG.zzz, Дата создания: 2025-05-12 17:41:01.271439563 +0300, Размер: 1048576 Mb
Файл: /home/folder/AfddABeC_120525/HHRRGBF_120525/HHGBGFR.zzz, Дата создания: 2025-05-12 17:41:01.291439554 +0300, Размер: 1048576 Mb
Файл: /home/folder/AfddABeC_120525/HHRRGBF_120525/BGRFBH.zzz, Дата создания: 2025-05-12 17:41:01.311439550 +0300, Размер: 1048576 Mb
Файл: /home/folder/AfddABeC_120525/HHRRGBF_120525/HGHBGGFR.zzz, Дата создания: 2025-05-12 17:41:01.331439541 +0300, Размер: 1048576 Mb
Файл: /home/folder/AfddABeC_120525/HHRRGBF_120525/FRFRRBGH.zzz, Дата создания: 2025-05-12 17:41:01.351439532 +0300, Размер: 1048576 Mb
Файл: /home/folder/AfddABeC_120525/HHRRGBF_120525/FHFFHGRB.zzz, Дата создания: 2025-05-12 17:41:01.371439528 +0300, Размер: 1048576 Mb
Файл: /home/folder/AfddABeC_120525/HHRRGBF_120525/GGFFGBRH.zzz, Дата создания: 2025-05-12 17:41:01.391439519 +0300, Размер: 1048576 Mb
Файл: /home/folder/AfddABeC_120525/HHRRGBF_120525/HRRHRHBFG.zzz, Дата создания: 2025-05-12 17:41:01.411439510 +0300, Размер: 1048576 Mb
----------------------------------------------------------------------------------------------------------------
Папка: /home/folder/CffACBBde_120525/HGFBFGR_120525 , Дата создания: Mon May 12 17:41:01 MSK 2025, Размер: 4.0K
Файл: /home/folder/CffACBBde_120525/HGFBFGR_120525/RHBBBHFG.zzz, Дата создания: 2025-05-12 17:41:01.451439496 +0300, Размер: 1048576 Mb
Файл: /home/folder/CffACBBde_120525/HGFBFGR_120525/GFFHBR.zzz, Дата создания: 2025-05-12 17:41:01.471439488 +0300, Размер: 1048576 Mb
----------------------------------------------------------------------------------------------------------------
Папка: /home/folder/AfddABeC_120525/FRHGRBR_120525 , Дата создания: Mon May 12 17:41:01 MSK 2025, Размер: 4.0K
Файл: /home/folder/AfddABeC_120525/FRHGRBR_120525/HHGBGFR.zzz, Дата создания: 2025-05-12 17:41:01.521439470 +0300, Размер: 1048576 Mb
Файл: /home/folder/AfddABeC_120525/FRHGRBR_120525/HRRFBRFG.zzz, Дата создания: 2025-05-12 17:41:01.541439465 +0300, Размер: 1048576 Mb
Файл: /home/folder/AfddABeC_120525/FRHGRBR_120525/HRRRRHFBG.zzz, Дата создания: 2025-05-12 17:41:01.561439456 +0300, Размер: 1048576 Mb
Файл: /home/folder/AfddABeC_120525/FRHGRBR_120525/FGRBH.zzz, Дата создания: 2025-05-12 17:41:01.581439447 +0300, Размер: 1048576 Mb
Файл: /home/folder/AfddABeC_120525/FRHGRBR_120525/RGBFRBGH.zzz, Дата создания: 2025-05-12 17:41:01.601439443 +0300, Размер: 1048576 Mb
Файл: /home/folder/AfddABeC_120525/FRHGRBR_120525/RBGHRFG.zzz, Дата создания: 2025-05-12 17:41:01.621439434 +0300, Размер: 1048576 Mb
Файл: /home/folder/AfddABeC_120525/FRHGRBR_120525/FRBGGHF.zzz, Дата создания: 2025-05-12 17:41:01.641439429 +0300, Размер: 1048576 Mb
Файл: /home/folder/AfddABeC_120525/FRHGRBR_120525/RRBRRFGH.zzz, Дата создания: 2025-05-12 17:41:01.661439421 +0300, Размер: 1048576 Mb
Файл: /home/folder/AfddABeC_120525/FRHGRBR_120525/GGFRHRB.zzz, Дата создания: 2025-05-12 17:41:01.681439411 +0300, Размер: 1048576 Mb
Файл: /home/folder/AfddABeC_120525/FRHGRBR_120525/FFHHGRB.zzz, Дата создания: 2025-05-12 17:41:01.711439403 +0300, Размер: 1048576 Mb
----------------------------------------------------------------------------------------------------------------
Папка: /home/folder/ACffCAABde_120525/FGFGHBR_120525/GHRFHRB_120525 , Дата создания: Mon May 12 17:41:01 MSK 2025, Размер: 4.0K
Файл: /home/folder/ACffCAABde_120525/FGFGHBR_120525/GHRFHRB_120525/GFFRFBH.zzz, Дата создания: 2025-05-12 17:41:01.751439389 +0300, Размер: 1048576 Mb
----------------------------------------------------------------------------------------------------------------
Папка: /home/folder/CBefBefAd_120525/HHFHFFGBR_120525 , Дата создания: Mon May 12 17:41:01 MSK 2025, Размер: 4.0K
Файл: /home/folder/CBefBefAd_120525/HHFHFFGBR_120525/HGFFRFGB.zzz, Дата создания: 2025-05-12 17:41:01.801439371 +0300, Размер: 1048576 Mb
Файл: /home/folder/CBefBefAd_120525/HHFHFFGBR_120525/BHGFR.zzz, Дата создания: 2025-05-12 17:41:01.811439367 +0300, Размер: 1048576 Mb
Файл: /home/folder/CBefBefAd_120525/HHFHFFGBR_120525/FFHGRB.zzz, Дата создания: 2025-05-12 17:41:01.831439357 +0300, Размер: 1048576 Mb
Файл: /home/folder/CBefBefAd_120525/HHFHFFGBR_120525/BRGBFH.zzz, Дата создания: 2025-05-12 17:41:01.851439354 +0300, Размер: 1048576 Mb
Файл: /home/folder/CBefBefAd_120525/HHFHFFGBR_120525/HFBGGFFR.zzz, Дата создания: 2025-05-12 17:41:01.871439345 +0300, Размер: 1048576 Mb
Файл: /home/folder/CBefBefAd_120525/HHFHFFGBR_120525/RRBFBGH.zzz, Дата создания: 2025-05-12 17:41:01.891439340 +0300, Размер: 1048576 Mb
Файл: /home/folder/CBefBefAd_120525/HHFHFFGBR_120525/GGGFFHBR.zzz, Дата создания: 2025-05-12 17:41:01.911439331 +0300, Размер: 1048576 Mb
Файл: /home/folder/CBefBefAd_120525/HHFHFFGBR_120525/RHGGRBF.zzz, Дата создания: 2025-05-12 17:41:01.931439322 +0300, Размер: 1048576 Mb
Файл: /home/folder/CBefBefAd_120525/HHFHFFGBR_120525/RGHFFGB.zzz, Дата создания: 2025-05-12 17:41:01.951439318 +0300, Размер: 1048576 Mb
Файл: /home/folder/CBefBefAd_120525/HHFHFFGBR_120525/BGRGFH.zzz, Дата создания: 2025-05-12 17:41:01.971439309 +0300, Размер: 1048576 Mb
----------------------------------------------------------------------------------------------------------------
Папка: /home/folder/ACffCAABde_120525/FGFGHBR_120525/GHRFHRB_120525/GHFFRB_120525 , Дата создания: Mon May 12 17:41:01 MSK 2025, Размер: 4.0K
Файл: /home/folder/ACffCAABde_120525/FGFGHBR_120525/GHRFHRB_120525/GHFFRB_120525/FBFBFGRH.zzz, Дата создания: 2025-05-12 17:41:02.011439296 +0300, Размер: 1048576 Mb
Файл: /home/folder/ACffCAABde_120525/FGFGHBR_120525/GHRFHRB_120525/GHFFRB_120525/BFBBRGH.zzz, Дата создания: 2025-05-12 17:41:02.021439291 +0300, Размер: 1048576 Mb
Файл: /home/folder/ACffCAABde_120525/FGFGHBR_120525/GHRFHRB_120525/GHFFRB_120525/RFRRRFBGH.zzz, Дата создания: 2025-05-12 17:41:02.041439287 +0300, Размер: 1048576 Mb
----------------------------------------------------------------------------------------------------------------
Папка: /home/folder/CffACBBde_120525/HGFBFGR_120525/RBBGBHF_120525 , Дата создания: Mon May 12 17:41:02 MSK 2025, Размер: 4.0K
Файл: /home/folder/CffACBBde_120525/HGFBFGR_120525/RBBGBHF_120525/HBFRBRHG.zzz, Дата создания: 2025-05-12 17:41:02.091439269 +0300, Размер: 1048576 Mb
Файл: /home/folder/CffACBBde_120525/HGFBFGR_120525/RBBGBHF_120525/BRRBGFH.zzz, Дата создания: 2025-05-12 17:41:02.101439264 +0300, Размер: 1048576 Mb
Файл: /home/folder/CffACBBde_120525/HGFBFGR_120525/RBBGBHF_120525/HGHGBFR.zzz, Дата создания: 2025-05-12 17:41:02.121439255 +0300, Размер: 1048576 Mb
Файл: /home/folder/CffACBBde_120525/HGFBFGR_120525/RBBGBHF_120525/HBHHRHGF.zzz, Дата создания: 2025-05-12 17:41:02.151439246 +0300, Размер: 1048576 Mb
Файл: /home/folder/CffACBBde_120525/HGFBFGR_120525/RBBGBHF_120525/GRRRRBGFH.zzz, Дата создания: 2025-05-12 17:41:02.171439238 +0300, Размер: 1048576 Mb
Файл: /home/folder/CffACBBde_120525/HGFBFGR_120525/RBBGBHF_120525/HHGHFGGBR.zzz, Дата создания: 2025-05-12 17:41:02.191439233 +0300, Размер: 1048576 Mb
Файл: /home/folder/CffACBBde_120525/HGFBFGR_120525/RBBGBHF_120525/BRGHBHF.zzz, Дата создания: 2025-05-12 17:41:02.211439224 +0300, Размер: 1048576 Mb
----------------------------------------------------------------------------------------------------------------
Папка: /home/folder/BfCCdAe_120525/BHGGRF_120525 , Дата создания: Mon May 12 17:41:02 MSK 2025, Размер: 4.0K
Файл: /home/folder/BfCCdAe_120525/BHGGRF_120525/FRGRFFGBH.zzz, Дата создания: 2025-05-12 17:41:02.241439215 +0300, Размер: 1048576 Mb
Файл: /home/folder/BfCCdAe_120525/BHGGRF_120525/GBRGRRFH.zzz, Дата создания: 2025-05-12 17:41:02.261439206 +0300, Размер: 1048576 Mb
Файл: /home/folder/BfCCdAe_120525/BHGGRF_120525/BFRBGGH.zzz, Дата создания: 2025-05-12 17:41:02.281439197 +0300, Размер: 1048576 Mb
----------------------------------------------------------------------------------------------------------------
Папка: /home/folder/CBefBefAd_120525/HHFHFFGBR_120525/BRHGRRRF_120525 , Дата создания: Mon May 12 17:41:02 MSK 2025, Размер: 4.0K
Файл: /home/folder/CBefBefAd_120525/HHFHFFGBR_120525/BRHGRRRF_120525/GRGRGBFH.zzz, Дата создания: 2025-05-12 17:41:02.321439184 +0300, Размер: 1048576 Mb
Файл: /home/folder/CBefBefAd_120525/HHFHFFGBR_120525/BRHGRRRF_120525/BBFBGHR.zzz, Дата создания: 2025-05-12 17:41:02.341439180 +0300, Размер: 1048576 Mb
Файл: /home/folder/CBefBefAd_120525/HHFHFFGBR_120525/BRHGRRRF_120525/HRRBRRFG.zzz, Дата создания: 2025-05-12 17:41:02.361439171 +0300, Размер: 1048576 Mb
Файл: /home/folder/CBefBefAd_120525/HHFHFFGBR_120525/BRHGRRRF_120525/GFGBRH.zzz, Дата создания: 2025-05-12 17:41:02.381439161 +0300, Размер: 1048576 Mb
Файл: /home/folder/CBefBefAd_120525/HHFHFFGBR_120525/BRHGRRRF_120525/HHGRRHBF.zzz, Дата создания: 2025-05-12 17:41:02.401439157 +0300, Размер: 1048576 Mb
Файл: /home/folder/CBefBefAd_120525/HHFHFFGBR_120525/BRHGRRRF_120525/RGFGHB.zzz, Дата создания: 2025-05-12 17:41:02.421439148 +0300, Размер: 1048576 Mb
Файл: /home/folder/CBefBefAd_120525/HHFHFFGBR_120525/BRHGRRRF_120525/HRHFFRBG.zzz, Дата создания: 2025-05-12 17:41:02.441439144 +0300, Размер: 1048576 Mb
Файл: /home/folder/CBefBefAd_120525/HHFHFFGBR_120525/BRHGRRRF_120525/RHBGF.zzz, Дата создания: 2025-05-12 17:41:02.461439135 +0300, Размер: 1048576 Mb
Файл: /home/folder/CBefBefAd_120525/HHFHFFGBR_120525/BRHGRRRF_120525/FFRRBRGH.zzz, Дата создания: 2025-05-12 17:41:02.471439130 +0300, Размер: 1048576 Mb
Файл: /home/folder/CBefBefAd_120525/HHFHFFGBR_120525/BRHGRRRF_120525/GRBGGFH.zzz, Дата создания: 2025-05-12 17:41:02.501439122 +0300, Размер: 1048576 Mb
Файл: /home/folder/CBefBefAd_120525/HHFHFFGBR_120525/BRHGRRRF_120525/BFGHBFR.zzz, Дата создания: 2025-05-12 17:41:02.511439117 +0300, Размер: 1048576 Mb
Файл: /home/folder/CBefBefAd_120525/HHFHFFGBR_120525/BRHGRRRF_120525/FHGHBR.zzz, Дата создания: 2025-05-12 17:41:02.531439107 +0300, Размер: 1048576 Mb
----------------------------------------------------------------------------------------------------------------
Папка: /home/folder/dedCBfBA_120525/GHRFHB_120525/FBGBHFR_120525 , Дата создания: Mon May 12 17:41:02 MSK 2025, Размер: 4.0K
Файл: /home/folder/dedCBfBA_120525/GHRFHB_120525/FBGBHFR_120525/BBBRGFH.zzz, Дата создания: 2025-05-12 17:41:02.571439095 +0300, Размер: 1048576 Mb
Файл: /home/folder/dedCBfBA_120525/GHRFHB_120525/FBGBHFR_120525/RGFGHGGB.zzz, Дата создания: 2025-05-12 17:41:02.591439090 +0300, Размер: 1048576 Mb
Файл: /home/folder/dedCBfBA_120525/GHRFHB_120525/FBGBHFR_120525/FBFFGRH.zzz, Дата создания: 2025-05-12 17:41:02.611439081 +0300, Размер: 1048576 Mb
Файл: /home/folder/dedCBfBA_120525/GHRFHB_120525/FBGBHFR_120525/HGGRGGFB.zzz, Дата создания: 2025-05-12 17:41:02.631439072 +0300, Размер: 1048576 Mb
Файл: /home/folder/dedCBfBA_120525/GHRFHB_120525/FBGBHFR_120525/HGRGGFB.zzz, Дата создания: 2025-05-12 17:41:02.651439068 +0300, Размер: 1048576 Mb
Файл: /home/folder/dedCBfBA_120525/GHRFHB_120525/FBGBHFR_120525/BGHBFBR.zzz, Дата создания: 2025-05-12 17:41:02.671439059 +0300, Размер: 1048576 Mb
Файл: /home/folder/dedCBfBA_120525/GHRFHB_120525/FBGBHFR_120525/RRFFRBGH.zzz, Дата создания: 2025-05-12 17:41:02.691439055 +0300, Размер: 1048576 Mb
Файл: /home/folder/dedCBfBA_120525/GHRFHB_120525/FBGBHFR_120525/HFHRGB.zzz, Дата создания: 2025-05-12 17:41:02.711439046 +0300, Размер: 1048576 Mb
Файл: /home/folder/dedCBfBA_120525/GHRFHB_120525/FBGBHFR_120525/HBGBGHRF.zzz, Дата создания: 2025-05-12 17:41:02.731439036 +0300, Размер: 1048576 Mb
Файл: /home/folder/dedCBfBA_120525/GHRFHB_120525/FBGBHFR_120525/HHGRRRFB.zzz, Дата создания: 2025-05-12 17:41:02.751439032 +0300, Размер: 1048576 Mb
----------------------------------------------------------------------------------------------------------------
Папка: /home/folder/ACffCAABde_120525/FGFGHBR_120525/GHRFHRB_120525/GHFFRB_120525/FRGGRGBH_120525 , Дата создания: Mon May 12 17:41:02 MSK 2025, Размер: 4.0K
Файл: /home/folder/ACffCAABde_120525/FGFGHBR_120525/GHRFHRB_120525/GHFFRB_120525/FRGGRGBH_120525/RBGFFGH.zzz, Дата создания: 2025-05-12 17:41:02.791439019 +0300, Размер: 1048576 Mb
Файл: /home/folder/ACffCAABde_120525/FGFGHBR_120525/GHRFHRB_120525/GHFFRB_120525/FRGGRGBH_120525/RGGBBRGFH.zzz, Дата создания: 2025-05-12 17:41:02.811439010 +0300, Размер: 1048576 Mb
Файл: /home/folder/ACffCAABde_120525/FGFGHBR_120525/GHRFHRB_120525/GHFFRB_120525/FRGGRGBH_120525/RHHRHBFG.zzz, Дата создания: 2025-05-12 17:41:02.831439000 +0300, Размер: 1048576 Mb
Файл: /home/folder/ACffCAABde_120525/FGFGHBR_120525/GHRFHRB_120525/GHFFRB_120525/FRGGRGBH_120525/GFBBGRH.zzz, Дата создания: 2025-05-12 17:41:02.851438997 +0300, Размер: 1048576 Mb
Файл: /home/folder/ACffCAABde_120525/FGFGHBR_120525/GHRFHRB_120525/GHFFRB_120525/FRGGRGBH_120525/HBFRBG.zzz, Дата создания: 2025-05-12 17:41:02.871438988 +0300, Размер: 1048576 Mb
Файл: /home/folder/ACffCAABde_120525/FGFGHBR_120525/GHRFHRB_120525/GHFFRB_120525/FRGGRGBH_120525/GGRFHFB.zzz, Дата создания: 2025-05-12 17:41:02.891438983 +0300, Размер: 1048576 Mb
Файл: /home/folder/ACffCAABde_120525/FGFGHBR_120525/GHRFHRB_120525/GHFFRB_120525/FRGGRGBH_120525/GHHHHBFR.zzz, Дата создания: 2025-05-12 17:41:02.901438979 +0300, Размер: 1048576 Mb
Файл: /home/folder/ACffCAABde_120525/FGFGHBR_120525/GHRFHRB_120525/GHFFRB_120525/FRGGRGBH_120525/FBHBRG.zzz, Дата создания: 2025-05-12 17:41:02.921438969 +0300, Размер: 1048576 Mb
Файл: /home/folder/ACffCAABde_120525/FGFGHBR_120525/GHRFHRB_120525/GHFFRB_120525/FRGGRGBH_120525/BHRBHGRF.zzz, Дата создания: 2025-05-12 17:41:02.941438965 +0300, Размер: 1048576 Mb
Файл: /home/folder/ACffCAABde_120525/FGFGHBR_120525/GHRFHRB_120525/GHFFRB_120525/FRGGRGBH_120525/HBBRRGBF.zzz, Дата создания: 2025-05-12 17:41:02.961438956 +0300, Размер: 1048576 Mb
Файл: /home/folder/ACffCAABde_120525/FGFGHBR_120525/GHRFHRB_120525/GHFFRB_120525/FRGGRGBH_120525/RGFBGRH.zzz, Дата создания: 2025-05-12 17:41:02.981438952 +0300, Размер: 1048576 Mb
Файл: /home/folder/ACffCAABde_120525/FGFGHBR_120525/GHRFHRB_120525/GHFFRB_120525/FRGGRGBH_120525/BBFGHHBR.zzz, Дата создания: 2025-05-12 17:41:03.001438943 +0300, Размер: 1048576 Mb
----------------------------------------------------------------------------------------------------------------
Папка: /home/folder/CBefBefAd_120525/HHFHFFGBR_120525/BRHGRRRF_120525/FBHFRHHG_120525 , Дата создания: Mon May 12 17:41:03 MSK 2025, Размер: 4.0K
Файл: /home/folder/CBefBefAd_120525/HHFHFFGBR_120525/BRHGRRRF_120525/FBHFRHHG_120525/FHBBBGR.zzz, Дата создания: 2025-05-12 17:41:03.041438930 +0300, Размер: 1048576 Mb
Файл: /home/folder/CBefBefAd_120525/HHFHFFGBR_120525/BRHGRRRF_120525/FBHFRHHG_120525/RRHRBFHG.zzz, Дата создания: 2025-05-12 17:41:03.061438921 +0300, Размер: 1048576 Mb
Файл: /home/folder/CBefBefAd_120525/HHFHFFGBR_120525/BRHGRRRF_120525/FBHFRHHG_120525/HFHGBHFR.zzz, Дата создания: 2025-05-12 17:41:03.091438912 +0300, Размер: 1048576 Mb
Файл: /home/folder/CBefBefAd_120525/HHFHFFGBR_120525/BRHGRRRF_120525/FBHFRHHG_120525/FBGRHR.zzz, Дата создания: 2025-05-12 17:41:03.101438907 +0300, Размер: 1048576 Mb
Файл: /home/folder/CBefBefAd_120525/HHFHFFGBR_120525/BRHGRRRF_120525/FBHFRHHG_120525/HHHGRRFB.zzz, Дата создания: 2025-05-12 17:41:03.131438898 +0300, Размер: 1048576 Mb
Файл: /home/folder/CBefBefAd_120525/HHFHFFGBR_120525/BRHGRRRF_120525/FBHFRHHG_120525/FHGBBR.zzz, Дата создания: 2025-05-12 17:41:03.141438894 +0300, Размер: 1048576 Mb
Файл: /home/folder/CBefBefAd_120525/HHFHFFGBR_120525/BRHGRRRF_120525/FBHFRHHG_120525/FGGFBGRH.zzz, Дата создания: 2025-05-12 17:41:03.161438885 +0300, Размер: 1048576 Mb
Файл: /home/folder/CBefBefAd_120525/HHFHFFGBR_120525/BRHGRRRF_120525/FBHFRHHG_120525/HFFRFGB.zzz, Дата создания: 2025-05-12 17:41:03.181438880 +0300, Размер: 1048576 Mb
Файл: /home/folder/CBefBefAd_120525/HHFHFFGBR_120525/BRHGRRRF_120525/FBHFRHHG_120525/BFFBFFFGRH.zzz, Дата создания: 2025-05-12 17:41:03.201438872 +0300, Размер: 1048576 Mb
Файл: /home/folder/CBefBefAd_120525/HHFHFFGBR_120525/BRHGRRRF_120525/FBHFRHHG_120525/FHFGGBR.zzz, Дата создания: 2025-05-12 17:41:03.221438862 +0300, Размер: 1048576 Mb
Файл: /home/folder/CBefBefAd_120525/HHFHFFGBR_120525/BRHGRRRF_120525/FBHFRHHG_120525/FRBFHRG.zzz, Дата создания: 2025-05-12 17:41:03.241438858 +0300, Размер: 1048576 Mb
----------------------------------------------------------------------------------------------------------------
Папка: /home/folder/AfddABeC_120525/FRHGRBR_120525/FGFFBRH_120525 , Дата создания: Mon May 12 17:41:03 MSK 2025, Размер: 4.0K
Файл: /home/folder/AfddABeC_120525/FRHGRBR_120525/FGFFBRH_120525/GHGGFBHR.zzz, Дата создания: 2025-05-12 17:41:03.281438845 +0300, Размер: 1048576 Mb
Файл: /home/folder/AfddABeC_120525/FRHGRBR_120525/FGFFBRH_120525/BFBFHGR.zzz, Дата создания: 2025-05-12 17:41:03.301438836 +0300, Размер: 1048576 Mb
Файл: /home/folder/AfddABeC_120525/FRHGRBR_120525/FGFFBRH_120525/RFRFFRRBGH.zzz, Дата создания: 2025-05-12 17:41:03.321438826 +0300, Размер: 1048576 Mb
Файл: /home/folder/AfddABeC_120525/FRHGRBR_120525/FGFFBRH_120525/GHBHGBFR.zzz, Дата создания: 2025-05-12 17:41:03.341438822 +0300, Размер: 1048576 Mb
Файл: /home/folder/AfddABeC_120525/FRHGRBR_120525/FGFFBRH_120525/GHBFFGGR.zzz, Дата создания: 2025-05-12 17:41:03.361438814 +0300, Размер: 1048576 Mb
Файл: /home/folder/AfddABeC_120525/FRHGRBR_120525/FGFFBRH_120525/HBHBFHFGR.zzz, Дата создания: 2025-05-12 17:41:03.381438809 +0300, Размер: 1048576 Mb
Файл: /home/folder/AfddABeC_120525/FRHGRBR_120525/FGFFBRH_120525/RBRFHFG.zzz, Дата создания: 2025-05-12 17:41:03.401438800 +0300, Размер: 1048576 Mb
Файл: /home/folder/AfddABeC_120525/FRHGRBR_120525/FGFFBRH_120525/GFBHGGFR.zzz, Дата создания: 2025-05-12 17:41:03.421438790 +0300, Размер: 1048576 Mb
Файл: /home/folder/AfddABeC_120525/FRHGRBR_120525/FGFFBRH_120525/BRHHGBF.zzz, Дата создания: 2025-05-12 17:41:03.441438787 +0300, Размер: 1048576 Mb
Файл: /home/folder/AfddABeC_120525/FRHGRBR_120525/FGFFBRH_120525/HRBBHBFG.zzz, Дата создания: 2025-05-12 17:41:03.461438778 +0300, Размер: 1048576 Mb
Файл: /home/folder/AfddABeC_120525/FRHGRBR_120525/FGFFBRH_120525/GRGFRHB.zzz, Дата создания: 2025-05-12 17:41:03.481438773 +0300, Размер: 1048576 Mb
----------------------------------------------------------------------------------------------------------------
Папка: /home/folder/ACffCAABde_120525/FGFGHBR_120525/GHFRFGRB_120525 , Дата создания: Mon May 12 17:41:03 MSK 2025, Размер: 4.0K
Файл: /home/folder/ACffCAABde_120525/FGFGHBR_120525/GHFRFGRB_120525/FHRFHGB.zzz, Дата создания: 2025-05-12 17:41:03.521438755 +0300, Размер: 1048576 Mb
Файл: /home/folder/ACffCAABde_120525/FGFGHBR_120525/GHFRFGRB_120525/GHGRHBF.zzz, Дата создания: 2025-05-12 17:41:03.541438751 +0300, Размер: 1048576 Mb
----------------------------------------------------------------------------------------------------------------
Папка: /home/folder/AfddABeC_120525/BHHBHBHFGR_120525 , Дата создания: Mon May 12 17:41:03 MSK 2025, Размер: 4.0K
Файл: /home/folder/AfddABeC_120525/BHHBHBHFGR_120525/HRHRRBFG.zzz, Дата создания: 2025-05-12 17:41:03.581438738 +0300, Размер: 1048576 Mb
Файл: /home/folder/AfddABeC_120525/BHHBHBHFGR_120525/BFHGBHR.zzz, Дата создания: 2025-05-12 17:41:03.601438729 +0300, Размер: 1048576 Mb
Файл: /home/folder/AfddABeC_120525/BHHBHBHFGR_120525/BFFFHGR.zzz, Дата создания: 2025-05-12 17:41:03.621438719 +0300, Размер: 1048576 Mb
----------------------------------------------------------------------------------------------------------------
Папка: /home/folder/dedCBfBA_120525/FHHBFBGR_120525 , Дата создания: Mon May 12 17:41:03 MSK 2025, Размер: 4.0K
Файл: /home/folder/dedCBfBA_120525/FHHBFBGR_120525/FHHBBGR.zzz, Дата создания: 2025-05-12 17:41:03.671438701 +0300, Размер: 1048576 Mb
Файл: /home/folder/dedCBfBA_120525/FHHBFBGR_120525/FHHGFBR.zzz, Дата создания: 2025-05-12 17:41:03.691438698 +0300, Размер: 1048576 Mb
Файл: /home/folder/dedCBfBA_120525/FHHBFBGR_120525/FRBGFBBH.zzz, Дата создания: 2025-05-12 17:41:03.711438689 +0300, Размер: 1048576 Mb
Файл: /home/folder/dedCBfBA_120525/FHHBFBGR_120525/FBGFHR.zzz, Дата создания: 2025-05-12 17:41:03.731438684 +0300, Размер: 1048576 Mb
----------------------------------------------------------------------------------------------------------------
Папка: /home/folder/feeBeACd_120525/BRHFRHRG_120525/RRFGFGHB_120525 , Дата создания: Mon May 12 17:41:03 MSK 2025, Размер: 4.0K
Файл: /home/folder/feeBeACd_120525/BRHFRHRG_120525/RRFGFGHB_120525/FGGFGRBH.zzz, Дата создания: 2025-05-12 17:41:03.771438665 +0300, Размер: 1048576 Mb
Файл: /home/folder/feeBeACd_120525/BRHFRHRG_120525/RRFGFGHB_120525/HHBHGRF.zzz, Дата создания: 2025-05-12 17:41:03.791438662 +0300, Размер: 1048576 Mb
Файл: /home/folder/feeBeACd_120525/BRHFRHRG_120525/RRFGFGHB_120525/HRRBHRRFG.zzz, Дата создания: 2025-05-12 17:41:03.811438653 +0300, Размер: 1048576 Mb
Файл: /home/folder/feeBeACd_120525/BRHFRHRG_120525/RRFGFGHB_120525/HHGFBFR.zzz, Дата создания: 2025-05-12 17:41:03.831438648 +0300, Размер: 1048576 Mb
Файл: /home/folder/feeBeACd_120525/BRHFRHRG_120525/RRFGFGHB_120525/RRGRFRFBH.zzz, Дата создания: 2025-05-12 17:41:03.851438640 +0300, Размер: 1048576 Mb
Файл: /home/folder/feeBeACd_120525/BRHFRHRG_120525/RRFGFGHB_120525/BBRGBGRFH.zzz, Дата создания: 2025-05-12 17:41:03.871438630 +0300, Размер: 1048576 Mb
Файл: /home/folder/feeBeACd_120525/BRHFRHRG_120525/RRFGFGHB_120525/BRRBHRFG.zzz, Дата создания: 2025-05-12 17:41:03.891438626 +0300, Размер: 1048576 Mb
Файл: /home/folder/feeBeACd_120525/BRHFRHRG_120525/RRFGFGHB_120525/GRGFGFRBH.zzz, Дата создания: 2025-05-12 17:41:03.911438617 +0300, Размер: 1048576 Mb
Файл: /home/folder/feeBeACd_120525/BRHFRHRG_120525/RRFGFGHB_120525/GRHHRFFB.zzz, Дата создания: 2025-05-12 17:41:03.931438613 +0300, Размер: 1048576 Mb
----------------------------------------------------------------------------------------------------------------
Папка: /home/folder/AfddABeC_120525/HFGFGRB_120525 , Дата создания: Mon May 12 17:41:03 MSK 2025, Размер: 4.0K
Файл: /home/folder/AfddABeC_120525/HFGFGRB_120525/BRHGRBF.zzz, Дата создания: 2025-05-12 17:41:03.971438594 +0300, Размер: 1048576 Mb
Файл: /home/folder/AfddABeC_120525/HFGFGRB_120525/FBBBBGRH.zzz, Дата создания: 2025-05-12 17:41:03.991438590 +0300, Размер: 1048576 Mb
Файл: /home/folder/AfddABeC_120525/HFGFGRB_120525/GGHHFBR.zzz, Дата создания: 2025-05-12 17:41:04.001438586 +0300, Размер: 1048576 Mb
Файл: /home/folder/AfddABeC_120525/HFGFGRB_120525/FBBGHFBR.zzz, Дата создания: 2025-05-12 17:41:04.021438576 +0300, Размер: 1048576 Mb
Файл: /home/folder/AfddABeC_120525/HFGFGRB_120525/BRRFFFFGH.zzz, Дата создания: 2025-05-12 17:41:04.051438568 +0300, Размер: 1048576 Mb
Файл: /home/folder/AfddABeC_120525/HFGFGRB_120525/GRBRBBHF.zzz, Дата создания: 2025-05-12 17:41:04.061438564 +0300, Размер: 1048576 Mb
Файл: /home/folder/AfddABeC_120525/HFGFGRB_120525/FBBRFBHG.zzz, Дата создания: 2025-05-12 17:41:04.091438555 +0300, Размер: 1048576 Mb
Файл: /home/folder/AfddABeC_120525/HFGFGRB_120525/FHBFFRHG.zzz, Дата создания: 2025-05-12 17:41:04.111438546 +0300, Размер: 1048576 Mb
Файл: /home/folder/AfddABeC_120525/HFGFGRB_120525/FHBGBHGR.zzz, Дата создания: 2025-05-12 17:41:04.131438541 +0300, Размер: 1048576 Mb
Файл: /home/folder/AfddABeC_120525/HFGFGRB_120525/HGFHGBR.zzz, Дата создания: 2025-05-12 17:41:04.141438537 +0300, Размер: 1048576 Mb
Файл: /home/folder/AfddABeC_120525/HFGFGRB_120525/HBRRHFG.zzz, Дата создания: 2025-05-12 17:41:04.161438528 +0300, Размер: 1048576 Mb
Файл: /home/folder/AfddABeC_120525/HFGFGRB_120525/BGFBFRH.zzz, Дата создания: 2025-05-12 17:41:04.181438523 +0300, Размер: 1048576 Mb
Файл: /home/folder/AfddABeC_120525/HFGFGRB_120525/HFGRFB.zzz, Дата создания: 2025-05-12 17:41:04.201438515 +0300, Размер: 1048576 Mb
Файл: /home/folder/AfddABeC_120525/HFGFGRB_120525/RFHRBG.zzz, Дата создания: 2025-05-12 17:41:04.221438505 +0300, Размер: 1048576 Mb
Файл: /home/folder/AfddABeC_120525/HFGFGRB_120525/HFHFHBGR.zzz, Дата создания: 2025-05-12 17:41:04.241438501 +0300, Размер: 1048576 Mb
----------------------------------------------------------------------------------------------------------------
Папка: /home/folder/AfddABeC_120525/BHHBHBHFGR_120525/BRRFGRRH_120525 , Дата создания: Mon May 12 17:41:04 MSK 2025, Размер: 4.0K
Файл: /home/folder/AfddABeC_120525/BHHBHBHFGR_120525/BRRFGRRH_120525/HRBHFG.zzz, Дата создания: 2025-05-12 17:41:04.281438488 +0300, Размер: 1048576 Mb
Файл: /home/folder/AfddABeC_120525/BHHBHBHFGR_120525/BRRFGRRH_120525/HFGFGBR.zzz, Дата создания: 2025-05-12 17:41:04.301438479 +0300, Размер: 1048576 Mb
Файл: /home/folder/AfddABeC_120525/BHHBHBHFGR_120525/BRRFGRRH_120525/RRRGBRFH.zzz, Дата создания: 2025-05-12 17:41:04.321438469 +0300, Размер: 1048576 Mb
----------------------------------------------------------------------------------------------------------------
Папка: /home/folder/ACffCAABde_120525/FGFGHBR_120525/GFFHBR_120525 , Дата создания: Mon May 12 17:41:04 MSK 2025, Размер: 4.0K
Файл: /home/folder/ACffCAABde_120525/FGFGHBR_120525/GFFHBR_120525/GGGRHBBF.zzz, Дата создания: 2025-05-12 17:41:04.361438457 +0300, Размер: 1048576 Mb
Файл: /home/folder/ACffCAABde_120525/FGFGHBR_120525/GFFHBR_120525/HBBRGBGF.zzz, Дата создания: 2025-05-12 17:41:04.381438452 +0300, Размер: 1048576 Mb
----------------------------------------------------------------------------------------------------------------
Папка: /home/folder/AfddABeC_120525/FRHGRBR_120525/FHGRGHGB_120525 , Дата создания: Mon May 12 17:41:04 MSK 2025, Размер: 4.0K
Файл: /home/folder/AfddABeC_120525/FRHGRBR_120525/FHGRGHGB_120525/RGFHHB.zzz, Дата создания: 2025-05-12 17:41:04.431438434 +0300, Размер: 1048576 Mb
Файл: /home/folder/AfddABeC_120525/FRHGRBR_120525/FHGRGHGB_120525/GRFBH.zzz, Дата создания: 2025-05-12 17:41:04.451438425 +0300, Размер: 1048576 Mb
Файл: /home/folder/AfddABeC_120525/FRHGRBR_120525/FHGRGHGB_120525/RBRHGGF.zzz, Дата создания: 2025-05-12 17:41:04.471438416 +0300, Размер: 1048576 Mb
Файл: /home/folder/AfddABeC_120525/FRHGRBR_120525/FHGRGHGB_120525/HHFFHBGR.zzz, Дата создания: 2025-05-12 17:41:04.491438412 +0300, Размер: 1048576 Mb
Файл: /home/folder/AfddABeC_120525/FRHGRBR_120525/FHGRGHGB_120525/RHHFBHG.zzz, Дата создания: 2025-05-12 17:41:04.511438403 +0300, Размер: 1048576 Mb
Файл: /home/folder/AfddABeC_120525/FRHGRBR_120525/FHGRGHGB_120525/RRBRRGGFH.zzz, Дата создания: 2025-05-12 17:41:04.531438398 +0300, Размер: 1048576 Mb
Файл: /home/folder/AfddABeC_120525/FRHGRBR_120525/FHGRGHGB_120525/HFHRHHBG.zzz, Дата создания: 2025-05-12 17:41:04.551438390 +0300, Размер: 1048576 Mb
Файл: /home/folder/AfddABeC_120525/FRHGRBR_120525/FHGRGHGB_120525/BGGHRF.zzz, Дата создания: 2025-05-12 17:41:04.571438380 +0300, Размер: 1048576 Mb
----------------------------------------------------------------------------------------------------------------
Папка: /home/folder/eBBAedeCf_120525/FGHHRHB_120525 , Дата создания: Mon May 12 17:41:04 MSK 2025, Размер: 4.0K
Файл: /home/folder/eBBAedeCf_120525/FGHHRHB_120525/HGHBGFR.zzz, Дата создания: 2025-05-12 17:41:04.601438372 +0300, Размер: 1048576 Mb
Файл: /home/folder/eBBAedeCf_120525/FGHHRHB_120525/GRFRHB.zzz, Дата создания: 2025-05-12 17:41:04.621438362 +0300, Размер: 1048576 Mb
Файл: /home/folder/eBBAedeCf_120525/FGHHRHB_120525/GRHRRHBF.zzz, Дата создания: 2025-05-12 17:41:04.641438358 +0300, Размер: 1048576 Mb
Файл: /home/folder/eBBAedeCf_120525/FGHHRHB_120525/BGFHFR.zzz, Дата создания: 2025-05-12 17:41:04.661438349 +0300, Размер: 1048576 Mb
Файл: /home/folder/eBBAedeCf_120525/FGHHRHB_120525/GGBRBFH.zzz, Дата создания: 2025-05-12 17:41:04.681438345 +0300, Размер: 1048576 Mb
Файл: /home/folder/eBBAedeCf_120525/FGHHRHB_120525/FHGHRGGB.zzz, Дата создания: 2025-05-12 17:41:04.701438336 +0300, Размер: 1048576 Mb
Файл: /home/folder/eBBAedeCf_120525/FGHHRHB_120525/HRGRFHB.zzz, Дата создания: 2025-05-12 17:41:04.721438326 +0300, Размер: 1048576 Mb
Файл: /home/folder/eBBAedeCf_120525/FGHHRHB_120525/RFBFBGH.zzz, Дата создания: 2025-05-12 17:41:04.741438323 +0300, Размер: 1048576 Mb
Файл: /home/folder/eBBAedeCf_120525/FGHHRHB_120525/HFRRGHB.zzz, Дата создания: 2025-05-12 17:41:04.761438314 +0300, Размер: 1048576 Mb
Файл: /home/folder/eBBAedeCf_120525/FGHHRHB_120525/HBBBFHGR.zzz, Дата создания: 2025-05-12 17:41:04.781438309 +0300, Размер: 1048576 Mb
----------------------------------------------------------------------------------------------------------------
Папка: /home/folder/eBBAedeCf_120525/RGRBGFH_120525 , Дата создания: Mon May 12 17:41:04 MSK 2025, Размер: 4.0K
Файл: /home/folder/eBBAedeCf_120525/RGRBGFH_120525/RFGFRBH.zzz, Дата создания: 2025-05-12 17:41:04.811438296 +0300, Размер: 1048576 Mb
Файл: /home/folder/eBBAedeCf_120525/RGRBGFH_120525/RFBFBGH.zzz, Дата создания: 2025-05-12 17:41:04.831438291 +0300, Размер: 1048576 Mb
Файл: /home/folder/eBBAedeCf_120525/RGRBGFH_120525/GFBGGGHR.zzz, Дата создания: 2025-05-12 17:41:04.851438282 +0300, Размер: 1048576 Mb
Файл: /home/folder/eBBAedeCf_120525/RGRBGFH_120525/HBRFRHG.zzz, Дата создания: 2025-05-12 17:41:04.871438273 +0300, Размер: 1048576 Mb
Файл: /home/folder/eBBAedeCf_120525/RGRBGFH_120525/HBGGFRG.zzz, Дата создания: 2025-05-12 17:41:04.891438269 +0300, Размер: 1048576 Mb
Файл: /home/folder/eBBAedeCf_120525/RGRBGFH_120525/BFHGRH.zzz, Дата создания: 2025-05-12 17:41:04.911438260 +0300, Размер: 1048576 Mb
Файл: /home/folder/eBBAedeCf_120525/RGRBGFH_120525/GFHHRHB.zzz, Дата создания: 2025-05-12 17:41:04.931438256 +0300, Размер: 1048576 Mb
----------------------------------------------------------------------------------------------------------------
Папка: /home/folder/CffACBBde_120525/HGFBFGR_120525/FBRGH_120525 , Дата создания: Mon May 12 17:41:04 MSK 2025, Размер: 4.0K
Файл: /home/folder/CffACBBde_120525/HGFBFGR_120525/FBRGH_120525/RBBHGF.zzz, Дата создания: 2025-05-12 17:41:04.971438237 +0300, Размер: 1048576 Mb
Файл: /home/folder/CffACBBde_120525/HGFBFGR_120525/FBRGH_120525/RRFFBGH.zzz, Дата создания: 2025-05-12 17:41:04.991438233 +0300, Размер: 1048576 Mb
Файл: /home/folder/CffACBBde_120525/HGFBFGR_120525/FBRGH_120525/HFBRBFBG.zzz, Дата создания: 2025-05-12 17:41:05.011438224 +0300, Размер: 1048576 Mb
Файл: /home/folder/CffACBBde_120525/HGFBFGR_120525/FBRGH_120525/HGBBHHGFR.zzz, Дата создания: 2025-05-12 17:41:05.031438220 +0300, Размер: 1048576 Mb
Файл: /home/folder/CffACBBde_120525/HGFBFGR_120525/FBRGH_120525/BHHHBFGR.zzz, Дата создания: 2025-05-12 17:41:05.051438211 +0300, Размер: 1048576 Mb
Файл: /home/folder/CffACBBde_120525/HGFBFGR_120525/FBRGH_120525/GFGGFRHB.zzz, Дата создания: 2025-05-12 17:41:05.071438201 +0300, Размер: 1048576 Mb
Файл: /home/folder/CffACBBde_120525/HGFBFGR_120525/FBRGH_120525/RRHHRHBFG.zzz, Дата создания: 2025-05-12 17:41:05.081438202 +0300, Размер: 1048576 Mb
Файл: /home/folder/CffACBBde_120525/HGFBFGR_120525/FBRGH_120525/BRHRFG.zzz, Дата создания: 2025-05-12 17:41:05.101438193 +0300, Размер: 1048576 Mb
Файл: /home/folder/CffACBBde_120525/HGFBFGR_120525/FBRGH_120525/HHRRHRBFG.zzz, Дата создания: 2025-05-12 17:41:05.121438183 +0300, Размер: 1048576 Mb
Файл: /home/folder/CffACBBde_120525/HGFBFGR_120525/FBRGH_120525/FGFBHR.zzz, Дата создания: 2025-05-12 17:41:05.141438180 +0300, Размер: 1048576 Mb
Файл: /home/folder/CffACBBde_120525/HGFBFGR_120525/FBRGH_120525/FHGGFGFBR.zzz, Дата создания: 2025-05-12 17:41:05.161438171 +0300, Размер: 1048576 Mb
Файл: /home/folder/CffACBBde_120525/HGFBFGR_120525/FBRGH_120525/FFFGGHBR.zzz, Дата создания: 2025-05-12 17:41:05.181438166 +0300, Размер: 1048576 Mb
Файл: /home/folder/CffACBBde_120525/HGFBFGR_120525/FBRGH_120525/GRGFFBH.zzz, Дата создания: 2025-05-12 17:41:05.201438157 +0300, Размер: 1048576 Mb
Файл: /home/folder/CffACBBde_120525/HGFBFGR_120525/FBRGH_120525/GGRBRFH.zzz, Дата создания: 2025-05-12 17:41:05.221438148 +0300, Размер: 1048576 Mb
Файл: /home/folder/CffACBBde_120525/HGFBFGR_120525/FBRGH_120525/GRBBBRFH.zzz, Дата создания: 2025-05-12 17:41:05.241438144 +0300, Размер: 1048576 Mb
----------------------------------------------------------------------------------------------------------------
Папка: /home/folder/feeBeACd_120525/BRHFRHRG_120525/RRFGFGHB_120525/GBFFRGH_120525 , Дата создания: Mon May 12 17:41:05 MSK 2025, Размер: 4.0K
Файл: /home/folder/feeBeACd_120525/BRHFRHRG_120525/RRFGFGHB_120525/GBFFRGH_120525/FHBFRBHG.zzz, Дата создания: 2025-05-12 17:41:05.281438131 +0300, Размер: 1048576 Mb
Файл: /home/folder/feeBeACd_120525/BRHFRHRG_120525/RRFGFGHB_120525/GBFFRGH_120525/GBHFGFR.zzz, Дата создания: 2025-05-12 17:41:05.301438122 +0300, Размер: 1048576 Mb
----------------------------------------------------------------------------------------------------------------
Папка: /home/folder/eBBAedeCf_120525/FGHHRHB_120525/GHGRRBF_120525 , Дата создания: Mon May 12 17:41:05 MSK 2025, Размер: 4.0K
Файл: /home/folder/eBBAedeCf_120525/FGHHRHB_120525/GHGRRBF_120525/FRFBHG.zzz, Дата создания: 2025-05-12 17:41:05.331438113 +0300, Размер: 1048576 Mb
Файл: /home/folder/eBBAedeCf_120525/FGHHRHB_120525/GHGRRBF_120525/FRGBHGB.zzz, Дата создания: 2025-05-12 17:41:05.351438104 +0300, Размер: 1048576 Mb
Файл: /home/folder/eBBAedeCf_120525/FGHHRHB_120525/GHGRRBF_120525/HRGGGHBF.zzz, Дата создания: 2025-05-12 17:41:05.371438094 +0300, Размер: 1048576 Mb
Файл: /home/folder/eBBAedeCf_120525/FGHHRHB_120525/GHGRRBF_120525/BGFBHR.zzz, Дата создания: 2025-05-12 17:41:05.391438090 +0300, Размер: 1048576 Mb
Файл: /home/folder/eBBAedeCf_120525/FGHHRHB_120525/GHGRRBF_120525/HFRGBHG.zzz, Дата создания: 2025-05-12 17:41:05.411438082 +0300, Размер: 1048576 Mb
Файл: /home/folder/eBBAedeCf_120525/FGHHRHB_120525/GHGRRBF_120525/BHFFFHBGR.zzz, Дата создания: 2025-05-12 17:41:05.431438077 +0300, Размер: 1048576 Mb
Файл: /home/folder/eBBAedeCf_120525/FGHHRHB_120525/GHGRRBF_120525/RHRRBFG.zzz, Дата создания: 2025-05-12 17:41:05.451438068 +0300, Размер: 1048576 Mb
Файл: /home/folder/eBBAedeCf_120525/FGHHRHB_120525/GHGRRBF_120525/BFGGRH.zzz, Дата создания: 2025-05-12 17:41:05.471438058 +0300, Размер: 1048576 Mb
----------------------------------------------------------------------------------------------------------------
START_TIME = 1747060860 sec
END_TIME = 1747060865 sec
ALL_TIME = 5 sec
